// Jest Snapshot v1, https://goo.gl/fbAQLP

exports[`<Astronaut /> component when rendering should render a component matching the snapshot 1`] = `
<section
  id="astronaut"
>
  <h1>
    MOON.HOLDINGS
  </h1>
  <img
    alt="astronaut"
    src="static/astronaut.png"
  />
</section>
`;
