// Jest Snapshot v1, https://goo.gl/fbAQLP

exports[`<SquareEditJest /> component when rendering should render a component matching the snapshot 1`] = `
<div
  id="square-edit-container"
>
  <button
    className="close-modal-x"
  />
  <section
    className="edit-short"
    id="square-edit"
  >
    <input
      id="coin-balance"
      onChange={[Function]}
      onFocus={[Function]}
      placeholder="0"
      type="number"
      value={0}
    />
    <div
      className="symbol"
    >
      bitcoin
    </div>
    <div
      id="edit-coin-price"
    >
      1 @ $
      1
    </div>
    <div
      id="edit-total-value"
    >
      $
    </div>
    <button
      disabled={true}
      id="save-button"
      onClick={[Function]}
    >
      Save
    </button>
  </section>
</div>
`;
